Analysis & Synthesis report for DE0_CV_Default
Tue Apr 24 22:42:46 2018
Quartus Prime Version 17.1.0 Build 590 10/25/2017 SJ Lite Edition


---------------------
; Table of Contents ;
---------------------
  1. Legal Notice
  2. Analysis & Synthesis Summary
  3. Analysis & Synthesis Settings
  4. Parallel Compilation
  5. Analysis & Synthesis Messages



----------------
; Legal Notice ;
----------------
Copyright (C) 2017  Intel Corporation. All rights reserved.
Your use of Intel Corporation's design tools, logic functions 
and other software and tools, and its AMPP partner logic 
functions, and any output files from any of the foregoing 
(including device programming or simulation files), and any 
associated documentation or information are expressly subject 
to the terms and conditions of the Intel Program License 
Subscription Agreement, the Intel Quartus Prime License Agreement,
the Intel FPGA IP License Agreement, or other applicable license
agreement, including, without limitation, that your use is for
the sole purpose of programming logic devices manufactured by
Intel and sold by Intel or its authorized distributors.  Please
refer to the applicable agreement for further details.



+---------------------------------------------------------------------------+
; Analysis & Synthesis Summary                                              ;
+-----------------------------+---------------------------------------------+
; Analysis & Synthesis Status ; Failed - Tue Apr 24 22:42:46 2018           ;
; Quartus Prime Version       ; 17.1.0 Build 590 10/25/2017 SJ Lite Edition ;
; Revision Name               ; DE0_CV_Default                              ;
; Top-level Entity Name       ; DE0_CV_Default                              ;
; Family                      ; Cyclone V                                   ;
; Logic utilization (in ALMs) ; N/A until Partition Merge                   ;
; Total registers             ; N/A until Partition Merge                   ;
; Total pins                  ; N/A until Partition Merge                   ;
; Total virtual pins          ; N/A until Partition Merge                   ;
; Total block memory bits     ; N/A until Partition Merge                   ;
; Total PLLs                  ; N/A until Partition Merge                   ;
; Total DLLs                  ; N/A until Partition Merge                   ;
+-----------------------------+---------------------------------------------+


+---------------------------------------------------------------------------------------------------------------------------+
; Analysis & Synthesis Settings                                                                                             ;
+---------------------------------------------------------------------------------+--------------------+--------------------+
; Option                                                                          ; Setting            ; Default Value      ;
+---------------------------------------------------------------------------------+--------------------+--------------------+
; Device                                                                          ; 5CEBA4F23C7        ;                    ;
; Top-level entity name                                                           ; DE0_CV_Default     ; DE0_CV_Default     ;
; Family name                                                                     ; Cyclone V          ; Cyclone IV GX      ;
; Use smart compilation                                                           ; On                 ; Off                ;
; Optimization Technique                                                          ; Speed              ; Balanced           ;
; Enable parallel Assembler and TimeQuest Timing Analyzer during compilation      ; On                 ; On                 ;
; Enable compact report table                                                     ; Off                ; Off                ;
; Restructure Multiplexers                                                        ; Auto               ; Auto               ;
; MLAB Add Timing Constraints For Mixed-Port Feed-Through Mode Setting Don't Care ; Off                ; Off                ;
; Create Debugging Nodes for IP Cores                                             ; Off                ; Off                ;
; Preserve fewer node names                                                       ; On                 ; On                 ;
; Intel FPGA IP Evaluation Mode                                                   ; Enable             ; Enable             ;
; Verilog Version                                                                 ; Verilog_2001       ; Verilog_2001       ;
; VHDL Version                                                                    ; VHDL_1993          ; VHDL_1993          ;
; State Machine Processing                                                        ; Auto               ; Auto               ;
; Safe State Machine                                                              ; Off                ; Off                ;
; Extract Verilog State Machines                                                  ; On                 ; On                 ;
; Extract VHDL State Machines                                                     ; On                 ; On                 ;
; Ignore Verilog initial constructs                                               ; Off                ; Off                ;
; Iteration limit for constant Verilog loops                                      ; 5000               ; 5000               ;
; Iteration limit for non-constant Verilog loops                                  ; 250                ; 250                ;
; Add Pass-Through Logic to Inferred RAMs                                         ; On                 ; On                 ;
; Infer RAMs from Raw Logic                                                       ; On                 ; On                 ;
; Parallel Synthesis                                                              ; On                 ; On                 ;
; DSP Block Balancing                                                             ; Auto               ; Auto               ;
; NOT Gate Push-Back                                                              ; On                 ; On                 ;
; Power-Up Don't Care                                                             ; On                 ; On                 ;
; Remove Redundant Logic Cells                                                    ; Off                ; Off                ;
; Remove Duplicate Registers                                                      ; On                 ; On                 ;
; Ignore CARRY Buffers                                                            ; Off                ; Off                ;
; Ignore CASCADE Buffers                                                          ; Off                ; Off                ;
; Ignore GLOBAL Buffers                                                           ; Off                ; Off                ;
; Ignore ROW GLOBAL Buffers                                                       ; Off                ; Off                ;
; Ignore LCELL Buffers                                                            ; Off                ; Off                ;
; Ignore SOFT Buffers                                                             ; On                 ; On                 ;
; Limit AHDL Integers to 32 Bits                                                  ; Off                ; Off                ;
; Carry Chain Length                                                              ; 70                 ; 70                 ;
; Auto Carry Chains                                                               ; On                 ; On                 ;
; Auto Open-Drain Pins                                                            ; On                 ; On                 ;
; Perform WYSIWYG Primitive Resynthesis                                           ; Off                ; Off                ;
; Auto ROM Replacement                                                            ; On                 ; On                 ;
; Auto RAM Replacement                                                            ; On                 ; On                 ;
; Auto DSP Block Replacement                                                      ; On                 ; On                 ;
; Auto Shift Register Replacement                                                 ; Auto               ; Auto               ;
; Allow Shift Register Merging across Hierarchies                                 ; Auto               ; Auto               ;
; Auto Clock Enable Replacement                                                   ; On                 ; On                 ;
; Strict RAM Replacement                                                          ; Off                ; Off                ;
; Allow Synchronous Control Signals                                               ; On                 ; On                 ;
; Force Use of Synchronous Clear Signals                                          ; Off                ; Off                ;
; Auto Resource Sharing                                                           ; Off                ; Off                ;
; Allow Any RAM Size For Recognition                                              ; Off                ; Off                ;
; Allow Any ROM Size For Recognition                                              ; Off                ; Off                ;
; Allow Any Shift Register Size For Recognition                                   ; Off                ; Off                ;
; Use LogicLock Constraints during Resource Balancing                             ; On                 ; On                 ;
; Ignore translate_off and synthesis_off directives                               ; Off                ; Off                ;
; Timing-Driven Synthesis                                                         ; On                 ; On                 ;
; Report Parameter Settings                                                       ; On                 ; On                 ;
; Report Source Assignments                                                       ; On                 ; On                 ;
; Report Connectivity Checks                                                      ; On                 ; On                 ;
; Ignore Maximum Fan-Out Assignments                                              ; Off                ; Off                ;
; Synchronization Register Chain Length                                           ; 3                  ; 3                  ;
; Power Optimization During Synthesis                                             ; Normal compilation ; Normal compilation ;
; HDL message level                                                               ; Level2             ; Level2             ;
; Suppress Register Optimization Related Messages                                 ; Off                ; Off                ;
; Number of Removed Registers Reported in Synthesis Report                        ; 5000               ; 5000               ;
; Number of Swept Nodes Reported in Synthesis Report                              ; 5000               ; 5000               ;
; Number of Inverted Registers Reported in Synthesis Report                       ; 100                ; 100                ;
; Clock MUX Protection                                                            ; On                 ; On                 ;
; Auto Gated Clock Conversion                                                     ; Off                ; Off                ;
; Block Design Naming                                                             ; Auto               ; Auto               ;
; SDC constraint protection                                                       ; Off                ; Off                ;
; Synthesis Effort                                                                ; Auto               ; Auto               ;
; Shift Register Replacement - Allow Asynchronous Clear Signal                    ; On                 ; On                 ;
; Pre-Mapping Resynthesis Optimization                                            ; Off                ; Off                ;
; Analysis & Synthesis Message Level                                              ; Medium             ; Medium             ;
; Disable Register Merging Across Hierarchies                                     ; Auto               ; Auto               ;
; Resource Aware Inference For Block RAM                                          ; On                 ; On                 ;
; Automatic Parallel Synthesis                                                    ; On                 ; On                 ;
; Partial Reconfiguration Bitstream ID                                            ; Off                ; Off                ;
+---------------------------------------------------------------------------------+--------------------+--------------------+


+------------------------------------------+
; Parallel Compilation                     ;
+----------------------------+-------------+
; Processors                 ; Number      ;
+----------------------------+-------------+
; Number detected on machine ; 8           ;
; Maximum allowed            ; 4           ;
;                            ;             ;
; Average used               ; 1.00        ;
; Maximum used               ; 1           ;
;                            ;             ;
; Usage by Processor         ; % Time Used ;
;     Processor 1            ; 100.0%      ;
+----------------------------+-------------+


+-------------------------------+
; Analysis & Synthesis Messages ;
+-------------------------------+
Info: *******************************************************************
Info: Running Quartus Prime Analysis & Synthesis
    Info: Version 17.1.0 Build 590 10/25/2017 SJ Lite Edition
    Info: Processing started: Tue Apr 24 22:42:35 2018
Info: Command: quartus_map --read_settings_files=on --write_settings_files=off DE0_CV_Default -c DE0_CV_Default
Warning (18236): Number of processors has not been specified which may cause overloading on shared machines.  Set the global assignment NUM_PARALLEL_PROCESSORS in your QSF to an appropriate value for best performance.
Info (20030): Parallel compilation is enabled and will use 4 of the 4 processors detected
Info (12021): Found 2 design units, including 1 entities, in source file /users/duda/documents/insper/3-semestre/elementos/projeto/z01/projetos/g-computador/src/rtl/dispositivos/pll/pll.vhd
    Info (12022): Found design unit 1: PLL-rtl File: C:/Users/duda/Documents/Insper/3-semestre/elementos/Projeto/Z01/Projetos/G-Computador/src/rtl/Dispositivos/PLL/PLL.vhd Line: 21
    Info (12023): Found entity 1: PLL File: C:/Users/duda/Documents/Insper/3-semestre/elementos/Projeto/Z01/Projetos/G-Computador/src/rtl/Dispositivos/PLL/PLL.vhd Line: 11
Info (12021): Found 1 design units, including 1 entities, in source file /users/duda/documents/insper/3-semestre/elementos/projeto/z01/projetos/g-computador/src/rtl/dispositivos/pll/pll/pll_0002.v
    Info (12023): Found entity 1: PLL_0002 File: C:/Users/duda/Documents/Insper/3-semestre/elementos/Projeto/Z01/Projetos/G-Computador/src/rtl/Dispositivos/PLL/PLL/PLL_0002.v Line: 2
Info (12021): Found 2 design units, including 1 entities, in source file /users/duda/documents/insper/3-semestre/elementos/projeto/z01/projetos/g-computador/src/rtl/dispositivos/screen/fifo/fifo16x4096.vhd
    Info (12022): Found design unit 1: fifo16x4096-SYN File: C:/Users/duda/Documents/Insper/3-semestre/elementos/Projeto/Z01/Projetos/G-Computador/src/rtl/Dispositivos/Screen/FIFO/FIFO16x4096.vhd Line: 58
    Info (12023): Found entity 1: FIFO16x4096 File: C:/Users/duda/Documents/Insper/3-semestre/elementos/Projeto/Z01/Projetos/G-Computador/src/rtl/Dispositivos/Screen/FIFO/FIFO16x4096.vhd Line: 43
Info (12021): Found 2 design units, including 1 entities, in source file /users/duda/documents/insper/3-semestre/elementos/projeto/z01/projetos/g-computador/src/rtl/dispositivos/screen/screen.vhd
    Info (12022): Found design unit 1: Screen-logic File: C:/Users/duda/Documents/Insper/3-semestre/elementos/Projeto/Z01/Projetos/G-Computador/src/rtl/Dispositivos/Screen/Screen.vhd Line: 31
    Info (12023): Found entity 1: Screen File: C:/Users/duda/Documents/Insper/3-semestre/elementos/Projeto/Z01/Projetos/G-Computador/src/rtl/Dispositivos/Screen/Screen.vhd Line: 7
Info (12021): Found 2 design units, including 1 entities, in source file /users/duda/documents/insper/3-semestre/elementos/projeto/z01/projetos/g-computador/src/rtl/dispositivos/screen/ili9341.vhd
    Info (12022): Found design unit 1: ILI9341-rtl File: C:/Users/duda/Documents/Insper/3-semestre/elementos/Projeto/Z01/Projetos/G-Computador/src/rtl/Dispositivos/Screen/ILI9341.vhd Line: 57
    Info (12023): Found entity 1: ILI9341 File: C:/Users/duda/Documents/Insper/3-semestre/elementos/Projeto/Z01/Projetos/G-Computador/src/rtl/Dispositivos/Screen/ILI9341.vhd Line: 29
Info (12021): Found 2 design units, including 1 entities, in source file /users/duda/documents/insper/3-semestre/elementos/projeto/z01/projetos/g-computador/src/rtl/dispositivos/rom/rom32k.vhd
    Info (12022): Found design unit 1: rom32k-SYN File: C:/Users/duda/Documents/Insper/3-semestre/elementos/Projeto/Z01/Projetos/G-Computador/src/rtl/Dispositivos/ROM/ROM32K.vhd Line: 53
    Info (12023): Found entity 1: ROM32K File: C:/Users/duda/Documents/Insper/3-semestre/elementos/Projeto/Z01/Projetos/G-Computador/src/rtl/Dispositivos/ROM/ROM32K.vhd Line: 43
Info (12021): Found 2 design units, including 1 entities, in source file /users/duda/documents/insper/3-semestre/elementos/projeto/z01/projetos/g-computador/src/rtl/dispositivos/ram/ram16k.vhd
    Info (12022): Found design unit 1: ram16k-SYN File: C:/Users/duda/Documents/Insper/3-semestre/elementos/Projeto/Z01/Projetos/G-Computador/src/rtl/Dispositivos/RAM/RAM16K.vhd Line: 55
    Info (12023): Found entity 1: RAM16K File: C:/Users/duda/Documents/Insper/3-semestre/elementos/Projeto/Z01/Projetos/G-Computador/src/rtl/Dispositivos/RAM/RAM16K.vhd Line: 43
Info (12021): Found 2 design units, including 1 entities, in source file /users/duda/documents/insper/3-semestre/elementos/projeto/z01/projetos/g-computador/src/rtl/memoryio.vhd
    Info (12022): Found design unit 1: MemoryIO-logic File: C:/Users/duda/Documents/Insper/3-semestre/elementos/Projeto/Z01/Projetos/G-Computador/src/rtl/MemoryIO.vhd Line: 37
    Info (12023): Found entity 1: MemoryIO File: C:/Users/duda/Documents/Insper/3-semestre/elementos/Projeto/Z01/Projetos/G-Computador/src/rtl/MemoryIO.vhd Line: 5
Info (12021): Found 2 design units, including 1 entities, in source file /users/duda/documents/insper/3-semestre/elementos/projeto/z01/projetos/g-computador/src/rtl/cpu.vhd
    Info (12022): Found design unit 1: CPU-arch File: C:/Users/duda/Documents/Insper/3-semestre/elementos/Projeto/Z01/Projetos/G-Computador/src/rtl/CPU.vhd Line: 22
    Info (12023): Found entity 1: CPU File: C:/Users/duda/Documents/Insper/3-semestre/elementos/Projeto/Z01/Projetos/G-Computador/src/rtl/CPU.vhd Line: 9
Info (12021): Found 2 design units, including 1 entities, in source file /users/duda/documents/insper/3-semestre/elementos/projeto/z01/projetos/g-computador/src/rtl/controlunit.vhd
    Info (12022): Found design unit 1: ControlUnit-arch File: C:/Users/duda/Documents/Insper/3-semestre/elementos/Projeto/Z01/Projetos/G-Computador/src/rtl/ControlUnit.vhd Line: 24
    Info (12023): Found entity 1: ControlUnit File: C:/Users/duda/Documents/Insper/3-semestre/elementos/Projeto/Z01/Projetos/G-Computador/src/rtl/ControlUnit.vhd Line: 11
Info (12021): Found 2 design units, including 1 entities, in source file /users/duda/documents/insper/3-semestre/elementos/projeto/z01/projetos/g-computador/src/rtl/computador.vhd
    Info (12022): Found design unit 1: Computador-logic File: C:/Users/duda/Documents/Insper/3-semestre/elementos/Projeto/Z01/Projetos/G-Computador/src/rtl/Computador.vhd Line: 40
    Info (12023): Found entity 1: Computador File: C:/Users/duda/Documents/Insper/3-semestre/elementos/Projeto/Z01/Projetos/G-Computador/src/rtl/Computador.vhd Line: 17
Info (12021): Found 2 design units, including 1 entities, in source file /users/duda/documents/insper/3-semestre/elementos/projeto/z01/projetos/e-logicasequencial/src/rtl/register64.vhd
    Info (12022): Found design unit 1: Register64-arch File: C:/Users/duda/Documents/Insper/3-semestre/elementos/Projeto/Z01/Projetos/E-LogicaSequencial/src/rtl/Register64.vhd Line: 17
    Info (12023): Found entity 1: Register64 File: C:/Users/duda/Documents/Insper/3-semestre/elementos/Projeto/Z01/Projetos/E-LogicaSequencial/src/rtl/Register64.vhd Line: 8
Info (12021): Found 2 design units, including 1 entities, in source file /users/duda/documents/insper/3-semestre/elementos/projeto/z01/projetos/e-logicasequencial/src/rtl/register32.vhd
    Info (12022): Found design unit 1: Register32-arch File: C:/Users/duda/Documents/Insper/3-semestre/elementos/Projeto/Z01/Projetos/E-LogicaSequencial/src/rtl/Register32.vhd Line: 17
    Info (12023): Found entity 1: Register32 File: C:/Users/duda/Documents/Insper/3-semestre/elementos/Projeto/Z01/Projetos/E-LogicaSequencial/src/rtl/Register32.vhd Line: 8
Info (12021): Found 2 design units, including 1 entities, in source file /users/duda/documents/insper/3-semestre/elementos/projeto/z01/projetos/e-logicasequencial/src/rtl/register16.vhd
    Info (12022): Found design unit 1: Register16-arch File: C:/Users/duda/Documents/Insper/3-semestre/elementos/Projeto/Z01/Projetos/E-LogicaSequencial/src/rtl/Register16.vhd Line: 17
    Info (12023): Found entity 1: Register16 File: C:/Users/duda/Documents/Insper/3-semestre/elementos/Projeto/Z01/Projetos/E-LogicaSequencial/src/rtl/Register16.vhd Line: 8
Info (12021): Found 2 design units, including 1 entities, in source file /users/duda/documents/insper/3-semestre/elementos/projeto/z01/projetos/e-logicasequencial/src/rtl/register8.vhd
    Info (12022): Found design unit 1: Register8-arch File: C:/Users/duda/Documents/Insper/3-semestre/elementos/Projeto/Z01/Projetos/E-LogicaSequencial/src/rtl/Register8.vhd Line: 17
    Info (12023): Found entity 1: Register8 File: C:/Users/duda/Documents/Insper/3-semestre/elementos/Projeto/Z01/Projetos/E-LogicaSequencial/src/rtl/Register8.vhd Line: 8
Info (12021): Found 2 design units, including 1 entities, in source file /users/duda/documents/insper/3-semestre/elementos/projeto/z01/projetos/e-logicasequencial/src/rtl/ram512.vhd
    Info (12022): Found design unit 1: Ram512-rtl File: C:/Users/duda/Documents/Insper/3-semestre/elementos/Projeto/Z01/Projetos/E-LogicaSequencial/src/rtl/Ram512.vhd Line: 18
    Info (12023): Found entity 1: Ram512 File: C:/Users/duda/Documents/Insper/3-semestre/elementos/Projeto/Z01/Projetos/E-LogicaSequencial/src/rtl/Ram512.vhd Line: 8
Info (12021): Found 2 design units, including 1 entities, in source file /users/duda/documents/insper/3-semestre/elementos/projeto/z01/projetos/e-logicasequencial/src/rtl/ram64.vhd
    Info (12022): Found design unit 1: Ram64-rtl File: C:/Users/duda/Documents/Insper/3-semestre/elementos/Projeto/Z01/Projetos/E-LogicaSequencial/src/rtl/Ram64.vhd Line: 18
    Info (12023): Found entity 1: Ram64 File: C:/Users/duda/Documents/Insper/3-semestre/elementos/Projeto/Z01/Projetos/E-LogicaSequencial/src/rtl/Ram64.vhd Line: 8
Info (12021): Found 2 design units, including 1 entities, in source file /users/duda/documents/insper/3-semestre/elementos/projeto/z01/projetos/e-logicasequencial/src/rtl/ram8.vhd
    Info (12022): Found design unit 1: Ram8-rtl File: C:/Users/duda/Documents/Insper/3-semestre/elementos/Projeto/Z01/Projetos/E-LogicaSequencial/src/rtl/Ram8.vhd Line: 18
    Info (12023): Found entity 1: Ram8 File: C:/Users/duda/Documents/Insper/3-semestre/elementos/Projeto/Z01/Projetos/E-LogicaSequencial/src/rtl/Ram8.vhd Line: 8
Info (12021): Found 2 design units, including 1 entities, in source file /users/duda/documents/insper/3-semestre/elementos/projeto/z01/projetos/e-logicasequencial/src/rtl/ram4k.vhd
    Info (12022): Found design unit 1: Ram4k-rtl File: C:/Users/duda/Documents/Insper/3-semestre/elementos/Projeto/Z01/Projetos/E-LogicaSequencial/src/rtl/Ram4K.vhd Line: 18
    Info (12023): Found entity 1: Ram4K File: C:/Users/duda/Documents/Insper/3-semestre/elementos/Projeto/Z01/Projetos/E-LogicaSequencial/src/rtl/Ram4K.vhd Line: 8
Info (12021): Found 2 design units, including 1 entities, in source file /users/duda/documents/insper/3-semestre/elementos/projeto/z01/projetos/e-logicasequencial/src/rtl/pc.vhd
    Info (12022): Found design unit 1: PC-arch File: C:/Users/duda/Documents/Insper/3-semestre/elementos/Projeto/Z01/Projetos/E-LogicaSequencial/src/rtl/PC.vhd Line: 32
    Info (12023): Found entity 1: PC File: C:/Users/duda/Documents/Insper/3-semestre/elementos/Projeto/Z01/Projetos/E-LogicaSequencial/src/rtl/PC.vhd Line: 21
Info (12021): Found 2 design units, including 1 entities, in source file /users/duda/documents/insper/3-semestre/elementos/projeto/z01/projetos/e-logicasequencial/src/rtl/flipflopd.vhd
    Info (12022): Found design unit 1: FlipFlopD-arch File: C:/Users/duda/Documents/Insper/3-semestre/elementos/Projeto/Z01/Projetos/E-LogicaSequencial/src/rtl/FlipFlopD.vhd Line: 14
    Info (12023): Found entity 1: FlipFlopD File: C:/Users/duda/Documents/Insper/3-semestre/elementos/Projeto/Z01/Projetos/E-LogicaSequencial/src/rtl/FlipFlopD.vhd Line: 4
Info (12021): Found 2 design units, including 1 entities, in source file /users/duda/documents/insper/3-semestre/elementos/projeto/z01/projetos/e-logicasequencial/src/rtl/binarydigit.vhd
    Info (12022): Found design unit 1: BinaryDigit-arch File: C:/Users/duda/Documents/Insper/3-semestre/elementos/Projeto/Z01/Projetos/E-LogicaSequencial/src/rtl/BinaryDigit.vhd Line: 17
    Info (12023): Found entity 1: BinaryDigit File: C:/Users/duda/Documents/Insper/3-semestre/elementos/Projeto/Z01/Projetos/E-LogicaSequencial/src/rtl/BinaryDigit.vhd Line: 8
Info (12021): Found 2 design units, including 1 entities, in source file /users/duda/documents/insper/3-semestre/elementos/projeto/z01/projetos/d-unidadelogicaaritmetica/src/rtl/zerador16.vhd
    Info (12022): Found design unit 1: zerador16-rtl File: C:/Users/duda/Documents/Insper/3-semestre/elementos/Projeto/Z01/Projetos/D-UnidadeLogicaAritmetica/src/rtl/zerador16.vhd Line: 15
    Info (12023): Found entity 1: zerador16 File: C:/Users/duda/Documents/Insper/3-semestre/elementos/Projeto/Z01/Projetos/D-UnidadeLogicaAritmetica/src/rtl/zerador16.vhd Line: 8
Info (12021): Found 2 design units, including 1 entities, in source file /users/duda/documents/insper/3-semestre/elementos/projeto/z01/projetos/d-unidadelogicaaritmetica/src/rtl/inversor16.vhd
    Info (12022): Found design unit 1: inversor16-rtl File: C:/Users/duda/Documents/Insper/3-semestre/elementos/Projeto/Z01/Projetos/D-UnidadeLogicaAritmetica/src/rtl/inversor16.vhd Line: 17
    Info (12023): Found entity 1: inversor16 File: C:/Users/duda/Documents/Insper/3-semestre/elementos/Projeto/Z01/Projetos/D-UnidadeLogicaAritmetica/src/rtl/inversor16.vhd Line: 10
Info (12021): Found 2 design units, including 1 entities, in source file /users/duda/documents/insper/3-semestre/elementos/projeto/z01/projetos/d-unidadelogicaaritmetica/src/rtl/inc16.vhd
    Info (12022): Found design unit 1: Inc16-rtl File: C:/Users/duda/Documents/Insper/3-semestre/elementos/Projeto/Z01/Projetos/D-UnidadeLogicaAritmetica/src/rtl/Inc16.vhd Line: 18
    Info (12023): Found entity 1: Inc16 File: C:/Users/duda/Documents/Insper/3-semestre/elementos/Projeto/Z01/Projetos/D-UnidadeLogicaAritmetica/src/rtl/Inc16.vhd Line: 11
Info (12021): Found 2 design units, including 1 entities, in source file /users/duda/documents/insper/3-semestre/elementos/projeto/z01/projetos/d-unidadelogicaaritmetica/src/rtl/halfadder.vhd
    Info (12022): Found design unit 1: HalfAdder-rtl File: C:/Users/duda/Documents/Insper/3-semestre/elementos/Projeto/Z01/Projetos/D-UnidadeLogicaAritmetica/src/rtl/HalfAdder.vhd Line: 17
    Info (12023): Found entity 1: HalfAdder File: C:/Users/duda/Documents/Insper/3-semestre/elementos/Projeto/Z01/Projetos/D-UnidadeLogicaAritmetica/src/rtl/HalfAdder.vhd Line: 10
Info (12021): Found 2 design units, including 1 entities, in source file /users/duda/documents/insper/3-semestre/elementos/projeto/z01/projetos/d-unidadelogicaaritmetica/src/rtl/fulladder.vhd
    Info (12022): Found design unit 1: FullAdder-rtl File: C:/Users/duda/Documents/Insper/3-semestre/elementos/Projeto/Z01/Projetos/D-UnidadeLogicaAritmetica/src/rtl/FullAdder.vhd Line: 17
    Info (12023): Found entity 1: FullAdder File: C:/Users/duda/Documents/Insper/3-semestre/elementos/Projeto/Z01/Projetos/D-UnidadeLogicaAritmetica/src/rtl/FullAdder.vhd Line: 10
Info (12021): Found 2 design units, including 1 entities, in source file /users/duda/documents/insper/3-semestre/elementos/projeto/z01/projetos/d-unidadelogicaaritmetica/src/rtl/comparador16.vhd
    Info (12022): Found design unit 1: comparador16-rtl File: C:/Users/duda/Documents/Insper/3-semestre/elementos/Projeto/Z01/Projetos/D-UnidadeLogicaAritmetica/src/rtl/comparador16.vhd Line: 16
    Info (12023): Found entity 1: comparador16 File: C:/Users/duda/Documents/Insper/3-semestre/elementos/Projeto/Z01/Projetos/D-UnidadeLogicaAritmetica/src/rtl/comparador16.vhd Line: 8
Info (12021): Found 2 design units, including 1 entities, in source file /users/duda/documents/insper/3-semestre/elementos/projeto/z01/projetos/d-unidadelogicaaritmetica/src/rtl/alu.vhd
    Info (12022): Found design unit 1: alu-rtl File: C:/Users/duda/Documents/Insper/3-semestre/elementos/Projeto/Z01/Projetos/D-UnidadeLogicaAritmetica/src/rtl/ALU.vhd Line: 44
    Info (12023): Found entity 1: ALU File: C:/Users/duda/Documents/Insper/3-semestre/elementos/Projeto/Z01/Projetos/D-UnidadeLogicaAritmetica/src/rtl/ALU.vhd Line: 29
Info (12021): Found 2 design units, including 1 entities, in source file /users/duda/documents/insper/3-semestre/elementos/projeto/z01/projetos/d-unidadelogicaaritmetica/src/rtl/add16.vhd
    Info (12022): Found design unit 1: Add16-rtl File: C:/Users/duda/Documents/Insper/3-semestre/elementos/Projeto/Z01/Projetos/D-UnidadeLogicaAritmetica/src/rtl/Add16.vhd Line: 19
    Info (12023): Found entity 1: Add16 File: C:/Users/duda/Documents/Insper/3-semestre/elementos/Projeto/Z01/Projetos/D-UnidadeLogicaAritmetica/src/rtl/Add16.vhd Line: 11
Info (12021): Found 2 design units, including 1 entities, in source file /users/duda/documents/insper/3-semestre/elementos/projeto/z01/projetos/c-logicacombinacional/src/rtl/or16.vhd
    Info (12022): Found design unit 1: Or16-rtl File: C:/Users/duda/Documents/Insper/3-semestre/elementos/Projeto/Z01/Projetos/C-LogicaCombinacional/src/rtl/Or16.vhd Line: 11
    Info (12023): Found entity 1: Or16 File: C:/Users/duda/Documents/Insper/3-semestre/elementos/Projeto/Z01/Projetos/C-LogicaCombinacional/src/rtl/Or16.vhd Line: 4
Info (12021): Found 2 design units, including 1 entities, in source file /users/duda/documents/insper/3-semestre/elementos/projeto/z01/projetos/c-logicacombinacional/src/rtl/or8way.vhd
    Info (12022): Found design unit 1: Or8Way-rtl File: C:/Users/duda/Documents/Insper/3-semestre/elementos/Projeto/Z01/Projetos/C-LogicaCombinacional/src/rtl/Or8Way.vhd Line: 17
    Info (12023): Found entity 1: Or8Way File: C:/Users/duda/Documents/Insper/3-semestre/elementos/Projeto/Z01/Projetos/C-LogicaCombinacional/src/rtl/Or8Way.vhd Line: 4
Info (12021): Found 2 design units, including 1 entities, in source file /users/duda/documents/insper/3-semestre/elementos/projeto/z01/projetos/c-logicacombinacional/src/rtl/not16.vhd
    Info (12022): Found design unit 1: Not16-rtl File: C:/Users/duda/Documents/Insper/3-semestre/elementos/Projeto/Z01/Projetos/C-LogicaCombinacional/src/rtl/Not16.vhd Line: 10
    Info (12023): Found entity 1: Not16 File: C:/Users/duda/Documents/Insper/3-semestre/elementos/Projeto/Z01/Projetos/C-LogicaCombinacional/src/rtl/Not16.vhd Line: 4
Info (12021): Found 2 design units, including 1 entities, in source file /users/duda/documents/insper/3-semestre/elementos/projeto/z01/projetos/c-logicacombinacional/src/rtl/nor8way.vhd
    Info (12022): Found design unit 1: Nor8Way-rtl File: C:/Users/duda/Documents/Insper/3-semestre/elementos/Projeto/Z01/Projetos/C-LogicaCombinacional/src/rtl/Nor8Way.vhd Line: 17
    Info (12023): Found entity 1: Nor8Way File: C:/Users/duda/Documents/Insper/3-semestre/elementos/Projeto/Z01/Projetos/C-LogicaCombinacional/src/rtl/Nor8Way.vhd Line: 4
Info (12021): Found 2 design units, including 1 entities, in source file /users/duda/documents/insper/3-semestre/elementos/projeto/z01/projetos/c-logicacombinacional/src/rtl/nand.vhd
    Info (12022): Found design unit 1: nand_z01-rtl File: C:/Users/duda/Documents/Insper/3-semestre/elementos/Projeto/Z01/Projetos/C-LogicaCombinacional/src/rtl/Nand.vhd Line: 12
    Info (12023): Found entity 1: nand_z01 File: C:/Users/duda/Documents/Insper/3-semestre/elementos/Projeto/Z01/Projetos/C-LogicaCombinacional/src/rtl/Nand.vhd Line: 4
Info (12021): Found 2 design units, including 1 entities, in source file /users/duda/documents/insper/3-semestre/elementos/projeto/z01/projetos/c-logicacombinacional/src/rtl/mux16.vhd
    Info (12022): Found design unit 1: Mux16-pep File: C:/Users/duda/Documents/Insper/3-semestre/elementos/Projeto/Z01/Projetos/C-LogicaCombinacional/src/rtl/Mux16.vhd Line: 12
    Info (12023): Found entity 1: Mux16 File: C:/Users/duda/Documents/Insper/3-semestre/elementos/Projeto/Z01/Projetos/C-LogicaCombinacional/src/rtl/Mux16.vhd Line: 4
Info (12021): Found 2 design units, including 1 entities, in source file /users/duda/documents/insper/3-semestre/elementos/projeto/z01/projetos/c-logicacombinacional/src/rtl/mux8way16.vhd
    Info (12022): Found design unit 1: Mux8Way16-pep File: C:/Users/duda/Documents/Insper/3-semestre/elementos/Projeto/Z01/Projetos/C-LogicaCombinacional/src/rtl/Mux8Way16.vhd Line: 18
    Info (12023): Found entity 1: Mux8Way16 File: C:/Users/duda/Documents/Insper/3-semestre/elementos/Projeto/Z01/Projetos/C-LogicaCombinacional/src/rtl/Mux8Way16.vhd Line: 4
Info (12021): Found 2 design units, including 1 entities, in source file /users/duda/documents/insper/3-semestre/elementos/projeto/z01/projetos/c-logicacombinacional/src/rtl/mux8way.vhd
    Info (12022): Found design unit 1: Mux8Way-Behavioral File: C:/Users/duda/Documents/Insper/3-semestre/elementos/Projeto/Z01/Projetos/C-LogicaCombinacional/src/rtl/Mux8Way.vhd Line: 18
    Info (12023): Found entity 1: Mux8Way File: C:/Users/duda/Documents/Insper/3-semestre/elementos/Projeto/Z01/Projetos/C-LogicaCombinacional/src/rtl/Mux8Way.vhd Line: 4
Info (12021): Found 2 design units, including 1 entities, in source file /users/duda/documents/insper/3-semestre/elementos/projeto/z01/projetos/c-logicacombinacional/src/rtl/mux4way16.vhd
    Info (12022): Found design unit 1: Mux4Way16-pep File: C:/Users/duda/Documents/Insper/3-semestre/elementos/Projeto/Z01/Projetos/C-LogicaCombinacional/src/rtl/Mux4Way16.vhd Line: 13
    Info (12023): Found entity 1: Mux4Way16 File: C:/Users/duda/Documents/Insper/3-semestre/elementos/Projeto/Z01/Projetos/C-LogicaCombinacional/src/rtl/Mux4Way16.vhd Line: 4
Info (12021): Found 2 design units, including 1 entities, in source file /users/duda/documents/insper/3-semestre/elementos/projeto/z01/projetos/c-logicacombinacional/src/rtl/mux4way.vhd
    Info (12022): Found design unit 1: Mux4way-Behavioral File: C:/Users/duda/Documents/Insper/3-semestre/elementos/Projeto/Z01/Projetos/C-LogicaCombinacional/src/rtl/Mux4Way.vhd Line: 10
    Info (12023): Found entity 1: Mux4Way File: C:/Users/duda/Documents/Insper/3-semestre/elementos/Projeto/Z01/Projetos/C-LogicaCombinacional/src/rtl/Mux4Way.vhd Line: 4
Info (12021): Found 2 design units, including 1 entities, in source file /users/duda/documents/insper/3-semestre/elementos/projeto/z01/projetos/c-logicacombinacional/src/rtl/mux2way.vhd
    Info (12022): Found design unit 1: Mux2Way-Behavioral File: C:/Users/duda/Documents/Insper/3-semestre/elementos/Projeto/Z01/Projetos/C-LogicaCombinacional/src/rtl/Mux2Way.vhd Line: 12
    Info (12023): Found entity 1: Mux2Way File: C:/Users/duda/Documents/Insper/3-semestre/elementos/Projeto/Z01/Projetos/C-LogicaCombinacional/src/rtl/Mux2Way.vhd Line: 4
Info (12021): Found 2 design units, including 1 entities, in source file /users/duda/documents/insper/3-semestre/elementos/projeto/z01/projetos/c-logicacombinacional/src/rtl/dmux8way.vhd
    Info (12022): Found design unit 1: DMux8Way-jor File: C:/Users/duda/Documents/Insper/3-semestre/elementos/Projeto/Z01/Projetos/C-LogicaCombinacional/src/rtl/DMux8Way.vhd Line: 18
    Info (12023): Found entity 1: DMux8Way File: C:/Users/duda/Documents/Insper/3-semestre/elementos/Projeto/Z01/Projetos/C-LogicaCombinacional/src/rtl/DMux8Way.vhd Line: 4
Info (12021): Found 2 design units, including 1 entities, in source file /users/duda/documents/insper/3-semestre/elementos/projeto/z01/projetos/c-logicacombinacional/src/rtl/dmux4way.vhd
    Info (12022): Found design unit 1: DMux4Way-rtl File: C:/Users/duda/Documents/Insper/3-semestre/elementos/Projeto/Z01/Projetos/C-LogicaCombinacional/src/rtl/DMux4Way.vhd Line: 15
    Info (12023): Found entity 1: DMux4Way File: C:/Users/duda/Documents/Insper/3-semestre/elementos/Projeto/Z01/Projetos/C-LogicaCombinacional/src/rtl/DMux4Way.vhd Line: 4
Info (12021): Found 2 design units, including 1 entities, in source file /users/duda/documents/insper/3-semestre/elementos/projeto/z01/projetos/c-logicacombinacional/src/rtl/dmux2way.vhd
    Info (12022): Found design unit 1: DMux2Way-dmux2 File: C:/Users/duda/Documents/Insper/3-semestre/elementos/Projeto/Z01/Projetos/C-LogicaCombinacional/src/rtl/DMux2Way.vhd Line: 12
    Info (12023): Found entity 1: DMux2Way File: C:/Users/duda/Documents/Insper/3-semestre/elementos/Projeto/Z01/Projetos/C-LogicaCombinacional/src/rtl/DMux2Way.vhd Line: 4
Info (12021): Found 2 design units, including 1 entities, in source file /users/duda/documents/insper/3-semestre/elementos/projeto/z01/projetos/c-logicacombinacional/src/rtl/barrelshifter16.vhd
    Info (12022): Found design unit 1: BarrelShifter16-Barrel16 File: C:/Users/duda/Documents/Insper/3-semestre/elementos/Projeto/Z01/Projetos/C-LogicaCombinacional/src/rtl/BarrelShifter16.vhd Line: 11
    Info (12023): Found entity 1: BarrelShifter16 File: C:/Users/duda/Documents/Insper/3-semestre/elementos/Projeto/Z01/Projetos/C-LogicaCombinacional/src/rtl/BarrelShifter16.vhd Line: 4
Info (12021): Found 2 design units, including 1 entities, in source file /users/duda/documents/insper/3-semestre/elementos/projeto/z01/projetos/c-logicacombinacional/src/rtl/barrelshifter8.vhd
    Info (12022): Found design unit 1: BarrelShifter8-Barrel File: C:/Users/duda/Documents/Insper/3-semestre/elementos/Projeto/Z01/Projetos/C-LogicaCombinacional/src/rtl/BarrelShifter8.vhd Line: 11
    Info (12023): Found entity 1: BarrelShifter8 File: C:/Users/duda/Documents/Insper/3-semestre/elementos/Projeto/Z01/Projetos/C-LogicaCombinacional/src/rtl/BarrelShifter8.vhd Line: 4
Info (12021): Found 2 design units, including 1 entities, in source file /users/duda/documents/insper/3-semestre/elementos/projeto/z01/projetos/c-logicacombinacional/src/rtl/and16.vhd
    Info (12022): Found design unit 1: And16-rtl File: C:/Users/duda/Documents/Insper/3-semestre/elementos/Projeto/Z01/Projetos/C-LogicaCombinacional/src/rtl/And16.vhd Line: 11
    Info (12023): Found entity 1: And16 File: C:/Users/duda/Documents/Insper/3-semestre/elementos/Projeto/Z01/Projetos/C-LogicaCombinacional/src/rtl/And16.vhd Line: 4
Error (12007): Top-level design entity "DE0_CV_Default" is undefined
Error: Quartus Prime Analysis & Synthesis was unsuccessful. 1 error, 1 warning
    Error: Peak virtual memory: 770 megabytes
    Error: Processing ended: Tue Apr 24 22:42:47 2018
    Error: Elapsed time: 00:00:12
    Error: Total CPU time (on all processors): 00:00:25


